Test28: 0.078241379
Test28: 0.006799424
Test28: 0.078432793
Test28: 0.0092479
Test28: 0.07757509800000001
