P1.1: 0.0062761660000000006
P1.2: 0.0064379630000000005
P1.3: 0.006895802
P1.4: 0.091363734
P1.4: 0.09489277600000001
P1.5: 0.005665417000000001
P1.6: 0.005792824
P1.7: 0.005881274000000001
P1.8: 0.09236440800000001
P1.9: 0.007167585000000001
P1.10: 0.006058656000000001
P1.11: 0.010491402
P1.12: 0.006316449
P1.12: 0.006542364
P1.14: 0.07992624100000001
P1.15: 0.0057886430000000004
P1.15: 0.006515267000000001
P1.16: 0.005947328
P1.16: 0.005867084000000001
P1.18: 0.005856195000000001
P1.25: 0.006142695
P1.15: 0.0064839500000000005
P1.13: 0.007967251
P1.15: 0.005812314000000001
