P1.1: 0.005122892
P1.1: 0.00499983
P1.1: 0.005251433000000001
P1.1: 0.004843367
P1.1: 0.005262666
P1.1: 0.00519807
P1.1: 0.005269509
P1.1: 0.005161342
P1.1: 0.027498493000000002
P1.1: 0.026826984
P1.1: 0.027024926
P1.1: 0.036669530000000006
P1.1: 0.006399419000000001
P1.1: 0.0061396670000000006
P1.1: 0.007261979000000001
P1.2: 0.00614662
P1.2: 0.005152345
P1.2: 0.005418155
P1.2: 0.004896546
P1.2: 0.005254498000000001
P1.2: 0.005214516000000001
P1.2: 0.005780343
P1.2: 0.004499747
P1.2: 0.0038327440000000003
P1.2: 0.004039763
P1.2: 0.004119333
P1.2: 0.00414068
P1.2: 0.004003338
P1.2: 0.004166172
P1.2: 0.0039274520000000005
P1.3: 0.00557692
P1.3: 0.010577319
P1.3: 0.009554514
P1.3: 0.009520781
P1.3: 0.009984479000000001
P1.3: 0.014027212
P1.3: 0.006134612
P1.3: 0.0045270430000000006
P1.3: 0.004319170000000001
P1.3: 0.004447712
P1.3: 0.0049953160000000005
P1.3: 0.004573857000000001
P1.3: 0.004413953
P1.3: 0.004366636
P1.3: 0.004364553
P1.3: 0.004653473
P1.3: 0.0048160880000000005
P1.3: 0.004643515
P1.3: 0.004327256000000001
P1.3: 0.004822933000000001
P1.3: 0.004678703
P1.3: 0.004659537
P1.3: 0.004776543
P1.3: 0.004596389
P1.3: 0.004168702000000001
P1.3: 0.004137753
P1.3: 0.004642903
P1.3: 0.004625167
P1.3: 0.004394783
P1.3: 0.0045568710000000005
P1.3: 0.004554014
P1.3: 0.004592848
P1.3: 0.004511645
P1.3: 0.004275372
P1.3: 0.0043731410000000005
P1.3: 0.004385801
P1.3: 0.004374104
P1.3: 0.004260599
P1.3: 0.004465113000000001
P1.3: 0.004355353
P1.3: 0.004395822000000001
P1.3: 0.004273184
P1.3: 0.0046018990000000004
P1.3: 0.0044060720000000005
P1.2: 0.006549713
P1.2: 0.0
P1.2: 0.0
P1.2-a: 0.0
