Test0: 0.0
Test0: 0.0
Test0: 0.0
Test0: 0.0
Test0: 0.0
Test0: 0.0
Test0: 0.0
Test0: 0.0
Test0: 0.0
Test0: 0.0
Test0: 0.0
Test0: 0.0
Test0: 0.0
Test0: 0.0
Test0: 0.0
Test0: 0.0
Test0: 0.0
Test0: 0.0
Test0: 0.0
Test0: 0.0
Test0: 0.0
Test0: 0.0
Test0: 0.0
Test0: 0.0
Test0: 0.0
