P1.1: 0.0062761660000000006
P1.2: 0.0064379630000000005
P1.3: 0.006895802
P1.4: 0.091363734
P1.4: 0.09489277600000001
P1.5: 0.005665417000000001
P1.6: 0.005792824
P1.7: 0.005881274000000001
P1.8: 0.09236440800000001
P1.9: 0.007167585000000001
P1.10: 0.006058656000000001
P1.11: 0.010491402
P1.12: 0.006316449
P1.12: 0.006542364
P1.14: 0.07992624100000001
P1.15: 0.0057886430000000004
P1.15: 0.006515267000000001
P1.16: 0.005947328
P1.16: 0.005867084000000001
P1.18: 0.005856195000000001
P1.25: 0.006142695
P2.01: 0.09181146800000001
P2.02: 0.007303662000000001
P2.03: 0.006789578
P2.04: 0.10592926400000001
P2.05: 0.007332947
P2.06: 0.009318457
P2.08: 0.009701739000000001
P2.09: 0.00924372
P2.10: 0.006925148000000001
P2.11: 0.007907305
P2.12: 0.07840892000000001
P2.13: 0.014790429
P2.14: 0.006449179
P2.16: 0.008741793000000001
P2.17: 0.008477424
P2.17-a: 0.100909276
P2.18: 0.011280292
