Test45: 0.08760517000000001
Test42: 0.009896033
Test43: 0.005330512
Test44: 0.085675609
Test50: 0.002801697
Test48: 0.005555946
Test41: 0.002643954
Test46: 0.002860342
Test47: 0.029115578000000003
Test40: 0.002615271
Test49: 0.011895168000000001
Test39: 0.0032940570000000004
Test39: 0.00679932
Test39: 0.006127302
Test41: 0.005664349
Test42: 0.015477162000000001
Test42: 0.00539011
Test47: 0.036561923
Test48: 0.010430782000000001
Test43: 0.009133312000000001
Test51: 0.006867405
Test51: 0.007715230000000001
Test51: 0.053537980000000006
Test50: 0.008212014
