1.1: 0.005613954
1.1: 0.171270173
1.1: 0.169317876
1.1: 0.007251165
ident: 0.0
ident: 0.0
ident: 0.0
ident: 0.0
ident: 0.0
ident: 0.0
ident: 0.0
ident: 0.0
ident: 0.0
ident: 0.0
ident: 0.0
ident: 0.0
ident: 0.0
ident: 0.0
ident: 0.0
ident: 0.0
ident: 0.0
ident: 0.0
ident: 0.0
ident: 0.0
ident: 0.0
ident: 0.0
ident: 0.0
ident: 0.0
ident: 0.0
ident: 0.0
ident: 0.0
ident: 0.0
ident: 0.0
ident: 0.0
ident: 0.0
ident: 0.0
