TEST06: 0.0
TEST06: 0.0
TEST06: 0.0
TEST06: 0.015477039000000001
TEST7: 0.013468791
