P1.02: 0.010217482
P1.03: 0.007411022000000001
P1.04: 0.009314771000000001
P1.11: 0.08450753700000001
P1.15: 0.05461863300000001
P1.17: 0.014805349
P1.19: 0.038360451000000004
P1.20: 0.0073326400000000005
P1.21: 0.051597365000000006
P1.22: 0.007485912000000001
P1.23: 0.01025175
P1.24: 0.012667541000000001
P1.30: 0.008117493
P1.30: 0.008210076
P2.2: 0.065927238
P2.4: 0.009324841
P2.4: 0.009405615
P2.5: 0.007144027000000001
P2.09: 0.014754629000000002
P2.11: 0.009411491000000001
P2.13: 0.09186469500000001
P2.13: 0.08954920100000001
P2.13: 0.019235062
P2.16: 0.012369886
P2.16: 0.014783109000000001
P2.16: 0.015027256000000001
P2.18: 0.079810955
P2.25: 0.007976336
P2.25: 0.01027814
P2.14: 0.054079523000000004
P1.02: 0.009173282000000001
P1.03: 0.007075401
P1.04: 0.008333716
P1.11: 0.080867802
P1.15: 0.051691257000000004
P1.17: 0.012172153000000002
P1.19: 0.03753071
