P1.15: 0.003484876
P1.15: 0.003152911
P1.15: 0.0033302310000000003
P1.15: 0.003063375
P1.15: 0.0034863710000000003
P1.15: 0.0034041310000000003
P1.15: 0.003018546
P1.15: 0.004281138
P1.15: 0.0037917470000000003
P1.15: 0.003011403
P1.15: 0.0030321840000000003
P1.15: 0.002900283
P1.15: 0.00400187
P1.15: 0.003602168
P1.15: 0.002983818
P1.15: 0.0032924100000000004
P1.15: 0.002958436
P1.15: 0.0030893390000000004
P1.15: 0.002919627
P1.15: 0.002963456
P1.15: 0.003082224
P1.15: 0.0
P1.15: 0.0
P1.15: 0.0
P1.15: 0.0
P1.15: 0.0
P1.15: 0.0
P1.15: 0.0
P1.15: 0.0
P1.15: 0.0
P1.15: 0.0
P1.15: 0.0
P1.15: 0.0
P1.15: 0.0
P1.15: 0.0
P1.15: 0.0
